
***** 2 runs. (algorithm:TA)*****
;KategProblem:cats: 50   words: 687

start-costs: MEAN: 1.05903e+06 (1.0538e+06-1.06426e+06)  SIGMA:5227.97   
  end-costs: MEAN: 933433 (933276-933590)  SIGMA:157.244   
   start-pp: MEAN: 31.0896 (29.4953-32.6839)  SIGMA:1.59426   
     end-pp: MEAN: 9.04792 (9.03395-9.06189)  SIGMA:0.0139673   
 iterations: MEAN: 16457.5 (16457-16458)  SIGMA:0.5   
       time: MEAN: 0.238479 (0.234079-0.242879)  SIGMA:0.0044   

***** 2 runs. (algorithm:TA)*****
;KategProblem:cats: 50   words: 514

start-costs: MEAN: 1.07064e+06 (1.06653e+06-1.07475e+06)  SIGMA:4107.92   
  end-costs: MEAN: 944649 (944164-945135)  SIGMA:485.28   
   start-pp: MEAN: 22.2799 (21.3998-23.16)  SIGMA:0.880096   
     end-pp: MEAN: 6.62442 (6.59349-6.65534)  SIGMA:0.0309285   
 iterations: MEAN: 12157 (12106-12208)  SIGMA:51   
       time: MEAN: 0.16741 (0.167169-0.167651)  SIGMA:0.000241   
/home/miguel/Documentos/TA/mgiza/mgizapp/bin/snt2cooc /home/miguel/Documentos/TA/exercices/ex4/train/work/giza.es-en/es-en.cooc /home/miguel/Documentos/TA/exercices/ex4/train/work/corpus/en.vcb /home/miguel/Documentos/TA/exercices/ex4/train/work/corpus/es.vcb /home/miguel/Documentos/TA/exercices/ex4/train/work/corpus/es-en-int-train.snt
/home/miguel/Documentos/TA/mgiza/mgizapp/bin/mgiza  -CoocurrenceFile /home/miguel/Documentos/TA/exercices/ex4/train/work/giza.es-en/es-en.cooc -c /home/miguel/Documentos/TA/exercices/ex4/train/work/corpus/es-en-int-train.snt -m1 5 -m2 0 -m3 3 -m4 3 -model1dumpfrequency 1 -model4smoothfactor 0.4 -ncpus 1 -nodumps 1 -nsmooth 4 -o /home/miguel/Documentos/TA/exercices/ex4/train/work/giza.es-en/es-en -onlyaldumps 1 -p0 0.999 -s /home/miguel/Documentos/TA/exercices/ex4/train/work/corpus/en.vcb -t /home/miguel/Documentos/TA/exercices/ex4/train/work/corpus/es.vcb
Parameter 'coocurrencefile' changed from '' to '/home/miguel/Documentos/TA/exercices/ex4/train/work/giza.es-en/es-en.cooc'
Parameter 'c' changed from '' to '/home/miguel/Documentos/TA/exercices/ex4/train/work/corpus/es-en-int-train.snt'
Parameter 'm3' changed from '5' to '3'
Parameter 'm4' changed from '5' to '3'
Parameter 'model1dumpfrequency' changed from '0' to '1'
Parameter 'model4smoothfactor' changed from '0.2' to '0.4'
Parameter 'ncpus' changed from '0' to '1'
Parameter 'nodumps' changed from '0' to '1'
Parameter 'nsmooth' changed from '64' to '4'
Parameter 'o' changed from '122-12-25.122109.miguel' to '/home/miguel/Documentos/TA/exercices/ex4/train/work/giza.es-en/es-en'
Parameter 'onlyaldumps' changed from '0' to '1'
Parameter 'p0' changed from '-1' to '0.999'
Parameter 's' changed from '' to '/home/miguel/Documentos/TA/exercices/ex4/train/work/corpus/en.vcb'
Parameter 't' changed from '' to '/home/miguel/Documentos/TA/exercices/ex4/train/work/corpus/es.vcb'
general parameters:
-------------------
ml = 101  (maximum sentence length)

No. of iterations:
-------------------
hmmiterations = 5  (mh)
model1iterations = 5  (number of iterations for Model 1)
model2iterations = 0  (number of iterations for Model 2)
model3iterations = 3  (number of iterations for Model 3)
model4iterations = 3  (number of iterations for Model 4)
model5iterations = 0  (number of iterations for Model 5)
model6iterations = 0  (number of iterations for Model 6)

parameter for various heuristics in GIZA++ for efficient training:
------------------------------------------------------------------
countincreasecutoff = 1e-06  (Counts increment cutoff threshold)
countincreasecutoffal = 1e-05  (Counts increment cutoff threshold for alignments in training of fertility models)
mincountincrease = 1e-07  (minimal count increase)
peggedcutoff = 0.03  (relative cutoff probability for alignment-centers in pegging)
probcutoff = 1e-07  (Probability cutoff threshold for lexicon probabilities)
probsmooth = 1e-07  (probability smoothing (floor) value )

parameters for describing the type and amount of output:
-----------------------------------------------------------
compactalignmentformat = 0  (0: detailled alignment format, 1: compact alignment format )
countoutputprefix =   (The prefix for output counts)
dumpcount = 0  (Whether we are going to dump count (in addition to) final output?)
dumpcountusingwordstring = 0  (In count table, should actual word appears or just the id? default is id)
hmmdumpfrequency = 0  (dump frequency of HMM)
l = 122-12-25.122109.miguel.log  (log file name)
log = 0  (0: no logfile; 1: logfile)
model1dumpfrequency = 1  (dump frequency of Model 1)
model2dumpfrequency = 0  (dump frequency of Model 2)
model345dumpfrequency = 0  (dump frequency of Model 3/4/5)
nbestalignments = 0  (for printing the n best alignments)
nodumps = 1  (1: do not write any files)
o = /home/miguel/Documentos/TA/exercices/ex4/train/work/giza.es-en/es-en  (output file prefix)
onlyaldumps = 1  (1: do not write any files)
outputpath =   (output path)
transferdumpfrequency = 0  (output: dump of transfer from Model 2 to 3)
verbose = 0  (0: not verbose; 1: verbose)
verbosesentence = -10  (number of sentence for which a lot of information should be printed (negative: no output))

parameters describing input files:
----------------------------------
c = /home/miguel/Documentos/TA/exercices/ex4/train/work/corpus/es-en-int-train.snt  (training corpus file name)
d =   (dictionary file name)
previousa =   (The a-table of previous step)
previousd =   (The d-table of previous step)
previousd4 =   (The d4-table of previous step)
previousd42 =   (The d4-table (2) of previous step)
previoushmm =   (The hmm-table of previous step)
previousn =   (The n-table of previous step)
previousp0 =   (The P0 previous step)
previoust =   (The t-table of previous step)
restart = 0  (Restart training from a level,0: Normal restart, from model 1, 1: Model 1, 2: Model 2 Init (Using Model 1 model input and train model 2), 3: Model 2, (using model 2 input and train model 2), 4 : HMM Init (Using Model 1 model and train HMM), 5: HMM (Using Model 2 model and train HMM) 6 : HMM (Using HMM Model and train HMM), 7: Model 3 Init (Use HMM model and train model 3) 8: Model 3 Init (Use Model 2 model and train model 3) 9: Model 3, 10: Model 4 Init (Use Model 3 model and train Model 4) 11: Model 4 and on, )
s = /home/miguel/Documentos/TA/exercices/ex4/train/work/corpus/en.vcb  (source vocabulary file name)
sourcevocabularyclasses =   (source vocabulary classes file name)
t = /home/miguel/Documentos/TA/exercices/ex4/train/work/corpus/es.vcb  (target vocabulary file name)
targetvocabularyclasses =   (target vocabulary classes file name)
tc =   (test corpus file name)

smoothing parameters:
---------------------
emalsmooth = 0.2  (f-b-trn: smoothing factor for HMM alignment model (can be ignored by -emSmoothHMM))
model23smoothfactor = 0  (smoothing parameter for IBM-2/3 (interpolation with constant))
model4smoothfactor = 0.4  (smooting parameter for alignment probabilities in Model 4)
model5smoothfactor = 0.1  (smooting parameter for distortion probabilities in Model 5 (linear interpolation with constant))
nsmooth = 4  (smoothing for fertility parameters (good value: 64): weight for wordlength-dependent fertility parameters)
nsmoothgeneral = 0  (smoothing for fertility parameters (default: 0): weight for word-independent fertility parameters)

parameters modifying the models:
--------------------------------
compactadtable = 1  (1: only 3-dimensional alignment table for IBM-2 and IBM-3)
deficientdistortionforemptyword = 0  (0: IBM-3/IBM-4 as described in (Brown et al. 1993); 1: distortion model of empty word is deficient; 2: distoriton model of empty word is deficient (differently); setting this parameter also helps to avoid that during IBM-3 and IBM-4 training too many words are aligned with the empty word)
depm4 = 76  (d_{=1}: &1:l, &2:m, &4:F, &8:E, d_{>1}&16:l, &32:m, &64:F, &128:E)
depm5 = 68  (d_{=1}: &1:l, &2:m, &4:F, &8:E, d_{>1}&16:l, &32:m, &64:F, &128:E)
emalignmentdependencies = 2  (lextrain: dependencies in the HMM alignment model.  &1: sentence length; &2: previous class; &4: previous position;  &8: French position; &16: French class)
emprobforempty = 0.4  (f-b-trn: probability for empty word)

parameters modifying the EM-algorithm:
--------------------------------------
m5p0 = -1  (fixed value for parameter p_0 in IBM-5 (if negative then it is determined in training))
manlexfactor1 = 0  ()
manlexfactor2 = 0  ()
manlexmaxmultiplicity = 20  ()
maxfertility = 10  (maximal fertility for fertility models)
ncpus = 1  (Number of threads to be executed, use 0 if you just want all CPUs to be used)
p0 = 0.999  (fixed value for parameter p_0 in IBM-3/4 (if negative then it is determined in training))
pegging = 0  (0: no pegging; 1: do pegging)

Parameter 'sourcevocabularyclasses' changed from '' to '/home/miguel/Documentos/TA/exercices/ex4/train/work/corpus/en.vcb.classes'
Parameter 'targetvocabularyclasses' changed from '' to '/home/miguel/Documentos/TA/exercices/ex4/train/work/corpus/es.vcb.classes'
general parameters:
-------------------
ml = 101  (maximum sentence length)

No. of iterations:
-------------------
hmmiterations = 5  (mh)
model1iterations = 5  (number of iterations for Model 1)
model2iterations = 0  (number of iterations for Model 2)
model3iterations = 3  (number of iterations for Model 3)
model4iterations = 3  (number of iterations for Model 4)
model5iterations = 0  (number of iterations for Model 5)
model6iterations = 0  (number of iterations for Model 6)

parameter for various heuristics in GIZA++ for efficient training:
------------------------------------------------------------------
countincreasecutoff = 1e-06  (Counts increment cutoff threshold)
countincreasecutoffal = 1e-05  (Counts increment cutoff threshold for alignments in training of fertility models)
mincountincrease = 1e-07  (minimal count increase)
peggedcutoff = 0.03  (relative cutoff probability for alignment-centers in pegging)
probcutoff = 1e-07  (Probability cutoff threshold for lexicon probabilities)
probsmooth = 1e-07  (probability smoothing (floor) value )

parameters for describing the type and amount of output:
-----------------------------------------------------------
compactalignmentformat = 0  (0: detailled alignment format, 1: compact alignment format )
countoutputprefix =   (The prefix for output counts)
dumpcount = 0  (Whether we are going to dump count (in addition to) final output?)
dumpcountusingwordstring = 0  (In count table, should actual word appears or just the id? default is id)
hmmdumpfrequency = 0  (dump frequency of HMM)
l = 122-12-25.122109.miguel.log  (log file name)
log = 0  (0: no logfile; 1: logfile)
model1dumpfrequency = 1  (dump frequency of Model 1)
model2dumpfrequency = 0  (dump frequency of Model 2)
model345dumpfrequency = 0  (dump frequency of Model 3/4/5)
nbestalignments = 0  (for printing the n best alignments)
nodumps = 1  (1: do not write any files)
o = /home/miguel/Documentos/TA/exercices/ex4/train/work/giza.es-en/es-en  (output file prefix)
onlyaldumps = 1  (1: do not write any files)
outputpath =   (output path)
transferdumpfrequency = 0  (output: dump of transfer from Model 2 to 3)
verbose = 0  (0: not verbose; 1: verbose)
verbosesentence = -10  (number of sentence for which a lot of information should be printed (negative: no output))

parameters describing input files:
----------------------------------
c = /home/miguel/Documentos/TA/exercices/ex4/train/work/corpus/es-en-int-train.snt  (training corpus file name)
d =   (dictionary file name)
previousa =   (The a-table of previous step)
previousd =   (The d-table of previous step)
previousd4 =   (The d4-table of previous step)
previousd42 =   (The d4-table (2) of previous step)
previoushmm =   (The hmm-table of previous step)
previousn =   (The n-table of previous step)
previousp0 =   (The P0 previous step)
previoust =   (The t-table of previous step)
restart = 0  (Restart training from a level,0: Normal restart, from model 1, 1: Model 1, 2: Model 2 Init (Using Model 1 model input and train model 2), 3: Model 2, (using model 2 input and train model 2), 4 : HMM Init (Using Model 1 model and train HMM), 5: HMM (Using Model 2 model and train HMM) 6 : HMM (Using HMM Model and train HMM), 7: Model 3 Init (Use HMM model and train model 3) 8: Model 3 Init (Use Model 2 model and train model 3) 9: Model 3, 10: Model 4 Init (Use Model 3 model and train Model 4) 11: Model 4 and on, )
s = /home/miguel/Documentos/TA/exercices/ex4/train/work/corpus/en.vcb  (source vocabulary file name)
sourcevocabularyclasses = /home/miguel/Documentos/TA/exercices/ex4/train/work/corpus/en.vcb.classes  (source vocabulary classes file name)
t = /home/miguel/Documentos/TA/exercices/ex4/train/work/corpus/es.vcb  (target vocabulary file name)
targetvocabularyclasses = /home/miguel/Documentos/TA/exercices/ex4/train/work/corpus/es.vcb.classes  (target vocabulary classes file name)
tc =   (test corpus file name)

smoothing parameters:
---------------------
emalsmooth = 0.2  (f-b-trn: smoothing factor for HMM alignment model (can be ignored by -emSmoothHMM))
model23smoothfactor = 0  (smoothing parameter for IBM-2/3 (interpolation with constant))
model4smoothfactor = 0.4  (smooting parameter for alignment probabilities in Model 4)
model5smoothfactor = 0.1  (smooting parameter for distortion probabilities in Model 5 (linear interpolation with constant))
nsmooth = 4  (smoothing for fertility parameters (good value: 64): weight for wordlength-dependent fertility parameters)
nsmoothgeneral = 0  (smoothing for fertility parameters (default: 0): weight for word-independent fertility parameters)

parameters modifying the models:
--------------------------------
compactadtable = 1  (1: only 3-dimensional alignment table for IBM-2 and IBM-3)
deficientdistortionforemptyword = 0  (0: IBM-3/IBM-4 as described in (Brown et al. 1993); 1: distortion model of empty word is deficient; 2: distoriton model of empty word is deficient (differently); setting this parameter also helps to avoid that during IBM-3 and IBM-4 training too many words are aligned with the empty word)
depm4 = 76  (d_{=1}: &1:l, &2:m, &4:F, &8:E, d_{>1}&16:l, &32:m, &64:F, &128:E)
depm5 = 68  (d_{=1}: &1:l, &2:m, &4:F, &8:E, d_{>1}&16:l, &32:m, &64:F, &128:E)
emalignmentdependencies = 2  (lextrain: dependencies in the HMM alignment model.  &1: sentence length; &2: previous class; &4: previous position;  &8: French position; &16: French class)
emprobforempty = 0.4  (f-b-trn: probability for empty word)

parameters modifying the EM-algorithm:
--------------------------------------
m5p0 = -1  (fixed value for parameter p_0 in IBM-5 (if negative then it is determined in training))
manlexfactor1 = 0  ()
manlexfactor2 = 0  ()
manlexmaxmultiplicity = 20  ()
maxfertility = 10  (maximal fertility for fertility models)
ncpus = 1  (Number of threads to be executed, use 0 if you just want all CPUs to be used)
p0 = 0.999  (fixed value for parameter p_0 in IBM-3/4 (if negative then it is determined in training))
pegging = 0  (0: no pegging; 1: do pegging)

reading vocabulary files 
Source vocabulary list has 515 unique tokens 
Target vocabulary list has 688 unique tokens 
Calculating vocabulary frequencies from corpus /home/miguel/Documentos/TA/exercices/ex4/train/work/corpus/es-en-int-train.snt
Reading more sentence pairs into memory ... 
Corpus fits in memory, corpus has: 9500 sentence pairs.
 Train total # sentence pairs (weighted): 9500
Size of source portion of the training corpus: 94439 tokens
Size of the target portion of the training corpus: 92361 tokens 
In source portion of the training corpus, only 514 unique tokens appeared
In target portion of the training corpus, only 686 unique tokens appeared
lambda for PP calculation in IBM-1,IBM-2,HMM:= 92361/(103939-9500)== 0.977996
There are 34588 34588 entries in table
==========================================================
Model1 Training Started at: Sun Dec 25 12:21:09 2022

-----------
Model1: Iteration 1
Model1: (1) TRAIN CROSS-ENTROPY 23.5859 PERPLEXITY 1.25914e+07
Model1: (1) VITERBI TRAIN CROSS-ENTROPY 27.1219 PERPLEXITY 1.4605e+08
Model 1 Iteration: 1 took: 0 seconds
-----------
Model1: Iteration 2
Model1: (2) TRAIN CROSS-ENTROPY 5.61783 PERPLEXITY 49.1061
Model1: (2) VITERBI TRAIN CROSS-ENTROPY 7.70741 PERPLEXITY 209.007
Model 1 Iteration: 2 took: 0 seconds
-----------
Model1: Iteration 3
Model1: (3) TRAIN CROSS-ENTROPY 5.06123 PERPLEXITY 33.3874
Model1: (3) VITERBI TRAIN CROSS-ENTROPY 6.56352 PERPLEXITY 94.5838
Model 1 Iteration: 3 took: 0 seconds
-----------
Model1: Iteration 4
Model1: (4) TRAIN CROSS-ENTROPY 4.80393 PERPLEXITY 27.9335
Model1: (4) VITERBI TRAIN CROSS-ENTROPY 5.96018 PERPLEXITY 62.2576
Model 1 Iteration: 4 took: 0 seconds
-----------
Model1: Iteration 5
Model1: (5) TRAIN CROSS-ENTROPY 4.68751 PERPLEXITY 25.768
Model1: (5) VITERBI TRAIN CROSS-ENTROPY 5.64368 PERPLEXITY 49.9939
Model 1 Iteration: 5 took: 0 seconds
Entire Model1 Training took: 0 seconds
NOTE: I am doing iterations with the HMM model!
Read classes: #words: 514  #classes: 51
Actual number of read words: 513 stored words: 513
Read classes: #words: 687  #classes: 51
Actual number of read words: 686 stored words: 686

==========================================================
Hmm Training Started at: Sun Dec 25 12:21:09 2022

-----------
Hmm: Iteration 1
A/D table contains 11249 parameters.
Hmm: (1) TRAIN CROSS-ENTROPY 4.62897 PERPLEXITY 24.7434
Hmm: (1) VITERBI TRAIN CROSS-ENTROPY 5.46621 PERPLEXITY 44.2072

Hmm Iteration: 1 took: 1 seconds

-----------
Hmm: Iteration 2
A/D table contains 11249 parameters.
Hmm: (2) TRAIN CROSS-ENTROPY 3.84276 PERPLEXITY 14.3478
Hmm: (2) VITERBI TRAIN CROSS-ENTROPY 4.28324 PERPLEXITY 19.4708

Hmm Iteration: 2 took: 1 seconds

-----------
Hmm: Iteration 3
A/D table contains 11249 parameters.
Hmm: (3) TRAIN CROSS-ENTROPY 3.26111 PERPLEXITY 9.5872
Hmm: (3) VITERBI TRAIN CROSS-ENTROPY 3.547 PERPLEXITY 11.6884

Hmm Iteration: 3 took: 1 seconds

-----------
Hmm: Iteration 4
A/D table contains 11249 parameters.
Hmm: (4) TRAIN CROSS-ENTROPY 3.02618 PERPLEXITY 8.14648
Hmm: (4) VITERBI TRAIN CROSS-ENTROPY 3.24306 PERPLEXITY 9.46802

Hmm Iteration: 4 took: 0 seconds

-----------
Hmm: Iteration 5
A/D table contains 11249 parameters.
Hmm: (5) TRAIN CROSS-ENTROPY 2.92014 PERPLEXITY 7.56921
Hmm: (5) VITERBI TRAIN CROSS-ENTROPY 3.09811 PERPLEXITY 8.56297

Hmm Iteration: 5 took: 1 seconds

Entire Hmm Training took: 4 seconds
==========================================================

==========================================================
Starting H333444:  Viterbi Training
 H333444 Training Started at: Sun Dec 25 12:21:13 2022


---------------------
THTo3: Iteration 1
#centers(pre/hillclimbed/real): 1 1 1  #al: 157.756 #alsophisticatedcountcollection: 0 #hcsteps: 0
#peggingImprovements: 0
A/D table contains 11249 parameters.
A/D table contains 10546 parameters.
p0_count is 79550.2 and p1 is 6401.8; p0 is 0.999 p1: 0.001
THTo3: TRAIN CROSS-ENTROPY 2.57244 PERPLEXITY 5.94815
THTo3: (1) TRAIN VITERBI CROSS-ENTROPY 2.67955 PERPLEXITY 6.40655

THTo3 Viterbi Iteration : 1 took: 1 seconds

---------------------
Model3: Iteration 2
#centers(pre/hillclimbed/real): 1 1 1  #al: 157.925 #alsophisticatedcountcollection: 0 #hcsteps: 1.56295
#peggingImprovements: 0
A/D table contains 11249 parameters.
A/D table contains 10546 parameters.
p0_count is 87565.9 and p1 is 2397.57; p0 is 0.999 p1: 0.001
Model3: TRAIN CROSS-ENTROPY 4.05775 PERPLEXITY 16.6534
Model3: (2) TRAIN VITERBI CROSS-ENTROPY 4.11109 PERPLEXITY 17.2807

Model3 Viterbi Iteration : 2 took: 1 seconds

---------------------
Model3: Iteration 3
#centers(pre/hillclimbed/real): 1 1 1  #al: 157.962 #alsophisticatedcountcollection: 0 #hcsteps: 1.5
#peggingImprovements: 0
A/D table contains 11249 parameters.
A/D table contains 10546 parameters.
p0_count is 88500.8 and p1 is 1930.12; p0 is 0.999 p1: 0.001
Model3: TRAIN CROSS-ENTROPY 3.91158 PERPLEXITY 15.0488
Model3: (3) TRAIN VITERBI CROSS-ENTROPY 3.95124 PERPLEXITY 15.4682

Model3 Viterbi Iteration : 3 took: 0 seconds

---------------------
T3To4: Iteration 4
#centers(pre/hillclimbed/real): 1 1 1  #al: 157.967 #alsophisticatedcountcollection: 8.12779 #hcsteps: 1.55526
#peggingImprovements: 0
D4 table contains 211120 parameters.
A/D table contains 11249 parameters.
A/D table contains 10546 parameters.
p0_count is 88940.6 and p1 is 1710.18; p0 is 0.999 p1: 0.001
T3To4: TRAIN CROSS-ENTROPY 3.85537 PERPLEXITY 14.4737
T3To4: (4) TRAIN VITERBI CROSS-ENTROPY 3.88866 PERPLEXITY 14.8116

T3To4 Viterbi Iteration : 4 took: 1 seconds

---------------------
Model4: Iteration 5
#centers(pre/hillclimbed/real): 1 1 1  #al: 157.957 #alsophisticatedcountcollection: 5.54547 #hcsteps: 1.56053
#peggingImprovements: 0
D4 table contains 211120 parameters.
A/D table contains 11249 parameters.
A/D table contains 10546 parameters.
p0_count is 89575 and p1 is 1393.01; p0 is 0.999 p1: 0.001
Model4: TRAIN CROSS-ENTROPY 2.9144 PERPLEXITY 7.53913
Model4: (5) TRAIN VITERBI CROSS-ENTROPY 2.93819 PERPLEXITY 7.66452

Model4 Viterbi Iteration : 5 took: 2 seconds

---------------------
Model4: Iteration 6
I will write alignment to /home/miguel/Documentos/TA/exercices/ex4/train/work/giza.es-en/es-en.A3.final.part000
#centers(pre/hillclimbed/real): 1 1 1  #al: 157.965 #alsophisticatedcountcollection: 4.50474 #hcsteps: 1.54274
#peggingImprovements: 0
D4 table contains 211120 parameters.
A/D table contains 11249 parameters.
A/D table contains 10546 parameters.
p0_count is 89919.3 and p1 is 1220.86; p0 is 0.999 p1: 0.001
Model4: TRAIN CROSS-ENTROPY 2.85489 PERPLEXITY 7.23447
Model4: (6) TRAIN VITERBI CROSS-ENTROPY 2.87548 PERPLEXITY 7.33847

Model4 Viterbi Iteration : 6 took: 1 seconds
H333444 Training Finished at: Sun Dec 25 12:21:19 2022


Entire Viterbi H333444 Training took: 6 seconds
==========================================================

Entire Training took: 10 seconds
Program Finished at: Sun Dec 25 12:21:19 2022

==========================================================
/home/miguel/Documentos/TA/mgiza/mgizapp/bin/snt2cooc /home/miguel/Documentos/TA/exercices/ex4/train/work/giza.en-es/en-es.cooc /home/miguel/Documentos/TA/exercices/ex4/train/work/corpus/es.vcb /home/miguel/Documentos/TA/exercices/ex4/train/work/corpus/en.vcb /home/miguel/Documentos/TA/exercices/ex4/train/work/corpus/en-es-int-train.snt
/home/miguel/Documentos/TA/mgiza/mgizapp/bin/mgiza  -CoocurrenceFile /home/miguel/Documentos/TA/exercices/ex4/train/work/giza.en-es/en-es.cooc -c /home/miguel/Documentos/TA/exercices/ex4/train/work/corpus/en-es-int-train.snt -m1 5 -m2 0 -m3 3 -m4 3 -model1dumpfrequency 1 -model4smoothfactor 0.4 -ncpus 1 -nodumps 1 -nsmooth 4 -o /home/miguel/Documentos/TA/exercices/ex4/train/work/giza.en-es/en-es -onlyaldumps 1 -p0 0.999 -s /home/miguel/Documentos/TA/exercices/ex4/train/work/corpus/es.vcb -t /home/miguel/Documentos/TA/exercices/ex4/train/work/corpus/en.vcb
Parameter 'coocurrencefile' changed from '' to '/home/miguel/Documentos/TA/exercices/ex4/train/work/giza.en-es/en-es.cooc'
Parameter 'c' changed from '' to '/home/miguel/Documentos/TA/exercices/ex4/train/work/corpus/en-es-int-train.snt'
Parameter 'm3' changed from '5' to '3'
Parameter 'm4' changed from '5' to '3'
Parameter 'model1dumpfrequency' changed from '0' to '1'
Parameter 'model4smoothfactor' changed from '0.2' to '0.4'
Parameter 'ncpus' changed from '0' to '1'
Parameter 'nodumps' changed from '0' to '1'
Parameter 'nsmooth' changed from '64' to '4'
Parameter 'o' changed from '122-12-25.122119.miguel' to '/home/miguel/Documentos/TA/exercices/ex4/train/work/giza.en-es/en-es'
Parameter 'onlyaldumps' changed from '0' to '1'
Parameter 'p0' changed from '-1' to '0.999'
Parameter 's' changed from '' to '/home/miguel/Documentos/TA/exercices/ex4/train/work/corpus/es.vcb'
Parameter 't' changed from '' to '/home/miguel/Documentos/TA/exercices/ex4/train/work/corpus/en.vcb'
general parameters:
-------------------
ml = 101  (maximum sentence length)

No. of iterations:
-------------------
hmmiterations = 5  (mh)
model1iterations = 5  (number of iterations for Model 1)
model2iterations = 0  (number of iterations for Model 2)
model3iterations = 3  (number of iterations for Model 3)
model4iterations = 3  (number of iterations for Model 4)
model5iterations = 0  (number of iterations for Model 5)
model6iterations = 0  (number of iterations for Model 6)

parameter for various heuristics in GIZA++ for efficient training:
------------------------------------------------------------------
countincreasecutoff = 1e-06  (Counts increment cutoff threshold)
countincreasecutoffal = 1e-05  (Counts increment cutoff threshold for alignments in training of fertility models)
mincountincrease = 1e-07  (minimal count increase)
peggedcutoff = 0.03  (relative cutoff probability for alignment-centers in pegging)
probcutoff = 1e-07  (Probability cutoff threshold for lexicon probabilities)
probsmooth = 1e-07  (probability smoothing (floor) value )

parameters for describing the type and amount of output:
-----------------------------------------------------------
compactalignmentformat = 0  (0: detailled alignment format, 1: compact alignment format )
countoutputprefix =   (The prefix for output counts)
dumpcount = 0  (Whether we are going to dump count (in addition to) final output?)
dumpcountusingwordstring = 0  (In count table, should actual word appears or just the id? default is id)
hmmdumpfrequency = 0  (dump frequency of HMM)
l = 122-12-25.122119.miguel.log  (log file name)
log = 0  (0: no logfile; 1: logfile)
model1dumpfrequency = 1  (dump frequency of Model 1)
model2dumpfrequency = 0  (dump frequency of Model 2)
model345dumpfrequency = 0  (dump frequency of Model 3/4/5)
nbestalignments = 0  (for printing the n best alignments)
nodumps = 1  (1: do not write any files)
o = /home/miguel/Documentos/TA/exercices/ex4/train/work/giza.en-es/en-es  (output file prefix)
onlyaldumps = 1  (1: do not write any files)
outputpath =   (output path)
transferdumpfrequency = 0  (output: dump of transfer from Model 2 to 3)
verbose = 0  (0: not verbose; 1: verbose)
verbosesentence = -10  (number of sentence for which a lot of information should be printed (negative: no output))

parameters describing input files:
----------------------------------
c = /home/miguel/Documentos/TA/exercices/ex4/train/work/corpus/en-es-int-train.snt  (training corpus file name)
d =   (dictionary file name)
previousa =   (The a-table of previous step)
previousd =   (The d-table of previous step)
previousd4 =   (The d4-table of previous step)
previousd42 =   (The d4-table (2) of previous step)
previoushmm =   (The hmm-table of previous step)
previousn =   (The n-table of previous step)
previousp0 =   (The P0 previous step)
previoust =   (The t-table of previous step)
restart = 0  (Restart training from a level,0: Normal restart, from model 1, 1: Model 1, 2: Model 2 Init (Using Model 1 model input and train model 2), 3: Model 2, (using model 2 input and train model 2), 4 : HMM Init (Using Model 1 model and train HMM), 5: HMM (Using Model 2 model and train HMM) 6 : HMM (Using HMM Model and train HMM), 7: Model 3 Init (Use HMM model and train model 3) 8: Model 3 Init (Use Model 2 model and train model 3) 9: Model 3, 10: Model 4 Init (Use Model 3 model and train Model 4) 11: Model 4 and on, )
s = /home/miguel/Documentos/TA/exercices/ex4/train/work/corpus/es.vcb  (source vocabulary file name)
sourcevocabularyclasses =   (source vocabulary classes file name)
t = /home/miguel/Documentos/TA/exercices/ex4/train/work/corpus/en.vcb  (target vocabulary file name)
targetvocabularyclasses =   (target vocabulary classes file name)
tc =   (test corpus file name)

smoothing parameters:
---------------------
emalsmooth = 0.2  (f-b-trn: smoothing factor for HMM alignment model (can be ignored by -emSmoothHMM))
model23smoothfactor = 0  (smoothing parameter for IBM-2/3 (interpolation with constant))
model4smoothfactor = 0.4  (smooting parameter for alignment probabilities in Model 4)
model5smoothfactor = 0.1  (smooting parameter for distortion probabilities in Model 5 (linear interpolation with constant))
nsmooth = 4  (smoothing for fertility parameters (good value: 64): weight for wordlength-dependent fertility parameters)
nsmoothgeneral = 0  (smoothing for fertility parameters (default: 0): weight for word-independent fertility parameters)

parameters modifying the models:
--------------------------------
compactadtable = 1  (1: only 3-dimensional alignment table for IBM-2 and IBM-3)
deficientdistortionforemptyword = 0  (0: IBM-3/IBM-4 as described in (Brown et al. 1993); 1: distortion model of empty word is deficient; 2: distoriton model of empty word is deficient (differently); setting this parameter also helps to avoid that during IBM-3 and IBM-4 training too many words are aligned with the empty word)
depm4 = 76  (d_{=1}: &1:l, &2:m, &4:F, &8:E, d_{>1}&16:l, &32:m, &64:F, &128:E)
depm5 = 68  (d_{=1}: &1:l, &2:m, &4:F, &8:E, d_{>1}&16:l, &32:m, &64:F, &128:E)
emalignmentdependencies = 2  (lextrain: dependencies in the HMM alignment model.  &1: sentence length; &2: previous class; &4: previous position;  &8: French position; &16: French class)
emprobforempty = 0.4  (f-b-trn: probability for empty word)

parameters modifying the EM-algorithm:
--------------------------------------
m5p0 = -1  (fixed value for parameter p_0 in IBM-5 (if negative then it is determined in training))
manlexfactor1 = 0  ()
manlexfactor2 = 0  ()
manlexmaxmultiplicity = 20  ()
maxfertility = 10  (maximal fertility for fertility models)
ncpus = 1  (Number of threads to be executed, use 0 if you just want all CPUs to be used)
p0 = 0.999  (fixed value for parameter p_0 in IBM-3/4 (if negative then it is determined in training))
pegging = 0  (0: no pegging; 1: do pegging)

Parameter 'sourcevocabularyclasses' changed from '' to '/home/miguel/Documentos/TA/exercices/ex4/train/work/corpus/es.vcb.classes'
Parameter 'targetvocabularyclasses' changed from '' to '/home/miguel/Documentos/TA/exercices/ex4/train/work/corpus/en.vcb.classes'
general parameters:
-------------------
ml = 101  (maximum sentence length)

No. of iterations:
-------------------
hmmiterations = 5  (mh)
model1iterations = 5  (number of iterations for Model 1)
model2iterations = 0  (number of iterations for Model 2)
model3iterations = 3  (number of iterations for Model 3)
model4iterations = 3  (number of iterations for Model 4)
model5iterations = 0  (number of iterations for Model 5)
model6iterations = 0  (number of iterations for Model 6)

parameter for various heuristics in GIZA++ for efficient training:
------------------------------------------------------------------
countincreasecutoff = 1e-06  (Counts increment cutoff threshold)
countincreasecutoffal = 1e-05  (Counts increment cutoff threshold for alignments in training of fertility models)
mincountincrease = 1e-07  (minimal count increase)
peggedcutoff = 0.03  (relative cutoff probability for alignment-centers in pegging)
probcutoff = 1e-07  (Probability cutoff threshold for lexicon probabilities)
probsmooth = 1e-07  (probability smoothing (floor) value )

parameters for describing the type and amount of output:
-----------------------------------------------------------
compactalignmentformat = 0  (0: detailled alignment format, 1: compact alignment format )
countoutputprefix =   (The prefix for output counts)
dumpcount = 0  (Whether we are going to dump count (in addition to) final output?)
dumpcountusingwordstring = 0  (In count table, should actual word appears or just the id? default is id)
hmmdumpfrequency = 0  (dump frequency of HMM)
l = 122-12-25.122119.miguel.log  (log file name)
log = 0  (0: no logfile; 1: logfile)
model1dumpfrequency = 1  (dump frequency of Model 1)
model2dumpfrequency = 0  (dump frequency of Model 2)
model345dumpfrequency = 0  (dump frequency of Model 3/4/5)
nbestalignments = 0  (for printing the n best alignments)
nodumps = 1  (1: do not write any files)
o = /home/miguel/Documentos/TA/exercices/ex4/train/work/giza.en-es/en-es  (output file prefix)
onlyaldumps = 1  (1: do not write any files)
outputpath =   (output path)
transferdumpfrequency = 0  (output: dump of transfer from Model 2 to 3)
verbose = 0  (0: not verbose; 1: verbose)
verbosesentence = -10  (number of sentence for which a lot of information should be printed (negative: no output))

parameters describing input files:
----------------------------------
c = /home/miguel/Documentos/TA/exercices/ex4/train/work/corpus/en-es-int-train.snt  (training corpus file name)
d =   (dictionary file name)
previousa =   (The a-table of previous step)
previousd =   (The d-table of previous step)
previousd4 =   (The d4-table of previous step)
previousd42 =   (The d4-table (2) of previous step)
previoushmm =   (The hmm-table of previous step)
previousn =   (The n-table of previous step)
previousp0 =   (The P0 previous step)
previoust =   (The t-table of previous step)
restart = 0  (Restart training from a level,0: Normal restart, from model 1, 1: Model 1, 2: Model 2 Init (Using Model 1 model input and train model 2), 3: Model 2, (using model 2 input and train model 2), 4 : HMM Init (Using Model 1 model and train HMM), 5: HMM (Using Model 2 model and train HMM) 6 : HMM (Using HMM Model and train HMM), 7: Model 3 Init (Use HMM model and train model 3) 8: Model 3 Init (Use Model 2 model and train model 3) 9: Model 3, 10: Model 4 Init (Use Model 3 model and train Model 4) 11: Model 4 and on, )
s = /home/miguel/Documentos/TA/exercices/ex4/train/work/corpus/es.vcb  (source vocabulary file name)
sourcevocabularyclasses = /home/miguel/Documentos/TA/exercices/ex4/train/work/corpus/es.vcb.classes  (source vocabulary classes file name)
t = /home/miguel/Documentos/TA/exercices/ex4/train/work/corpus/en.vcb  (target vocabulary file name)
targetvocabularyclasses = /home/miguel/Documentos/TA/exercices/ex4/train/work/corpus/en.vcb.classes  (target vocabulary classes file name)
tc =   (test corpus file name)

smoothing parameters:
---------------------
emalsmooth = 0.2  (f-b-trn: smoothing factor for HMM alignment model (can be ignored by -emSmoothHMM))
model23smoothfactor = 0  (smoothing parameter for IBM-2/3 (interpolation with constant))
model4smoothfactor = 0.4  (smooting parameter for alignment probabilities in Model 4)
model5smoothfactor = 0.1  (smooting parameter for distortion probabilities in Model 5 (linear interpolation with constant))
nsmooth = 4  (smoothing for fertility parameters (good value: 64): weight for wordlength-dependent fertility parameters)
nsmoothgeneral = 0  (smoothing for fertility parameters (default: 0): weight for word-independent fertility parameters)

parameters modifying the models:
--------------------------------
compactadtable = 1  (1: only 3-dimensional alignment table for IBM-2 and IBM-3)
deficientdistortionforemptyword = 0  (0: IBM-3/IBM-4 as described in (Brown et al. 1993); 1: distortion model of empty word is deficient; 2: distoriton model of empty word is deficient (differently); setting this parameter also helps to avoid that during IBM-3 and IBM-4 training too many words are aligned with the empty word)
depm4 = 76  (d_{=1}: &1:l, &2:m, &4:F, &8:E, d_{>1}&16:l, &32:m, &64:F, &128:E)
depm5 = 68  (d_{=1}: &1:l, &2:m, &4:F, &8:E, d_{>1}&16:l, &32:m, &64:F, &128:E)
emalignmentdependencies = 2  (lextrain: dependencies in the HMM alignment model.  &1: sentence length; &2: previous class; &4: previous position;  &8: French position; &16: French class)
emprobforempty = 0.4  (f-b-trn: probability for empty word)

parameters modifying the EM-algorithm:
--------------------------------------
m5p0 = -1  (fixed value for parameter p_0 in IBM-5 (if negative then it is determined in training))
manlexfactor1 = 0  ()
manlexfactor2 = 0  ()
manlexmaxmultiplicity = 20  ()
maxfertility = 10  (maximal fertility for fertility models)
ncpus = 1  (Number of threads to be executed, use 0 if you just want all CPUs to be used)
p0 = 0.999  (fixed value for parameter p_0 in IBM-3/4 (if negative then it is determined in training))
pegging = 0  (0: no pegging; 1: do pegging)

reading vocabulary files 
Source vocabulary list has 688 unique tokens 
Target vocabulary list has 515 unique tokens 
Calculating vocabulary frequencies from corpus /home/miguel/Documentos/TA/exercices/ex4/train/work/corpus/en-es-int-train.snt
Reading more sentence pairs into memory ... 
Corpus fits in memory, corpus has: 9500 sentence pairs.
 Train total # sentence pairs (weighted): 9500
Size of source portion of the training corpus: 92361 tokens
Size of the target portion of the training corpus: 94439 tokens 
In source portion of the training corpus, only 687 unique tokens appeared
In target portion of the training corpus, only 513 unique tokens appeared
lambda for PP calculation in IBM-1,IBM-2,HMM:= 94439/(101861-9500)== 1.0225
There are 34415 34415 entries in table
==========================================================
Model1 Training Started at: Sun Dec 25 12:21:19 2022

-----------
Model1: Iteration 1
Model1: (1) TRAIN CROSS-ENTROPY 23.5757 PERPLEXITY 1.25022e+07
Model1: (1) VITERBI TRAIN CROSS-ENTROPY 27.0781 PERPLEXITY 1.41681e+08
Model 1 Iteration: 1 took: 1 seconds
-----------
Model1: Iteration 2
Model1: (2) TRAIN CROSS-ENTROPY 5.23604 PERPLEXITY 37.6882
Model1: (2) VITERBI TRAIN CROSS-ENTROPY 7.22563 PERPLEXITY 149.669
Model 1 Iteration: 2 took: 0 seconds
-----------
Model1: Iteration 3
Model1: (3) TRAIN CROSS-ENTROPY 4.68294 PERPLEXITY 25.6865
Model1: (3) VITERBI TRAIN CROSS-ENTROPY 6.13039 PERPLEXITY 70.0538
Model 1 Iteration: 3 took: 0 seconds
-----------
Model1: Iteration 4
Model1: (4) TRAIN CROSS-ENTROPY 4.42364 PERPLEXITY 21.4608
Model1: (4) VITERBI TRAIN CROSS-ENTROPY 5.54039 PERPLEXITY 46.5398
Model 1 Iteration: 4 took: 0 seconds
-----------
Model1: Iteration 5
Model1: (5) TRAIN CROSS-ENTROPY 4.30498 PERPLEXITY 19.7665
Model1: (5) VITERBI TRAIN CROSS-ENTROPY 5.22871 PERPLEXITY 37.4973
Model 1 Iteration: 5 took: 0 seconds
Entire Model1 Training took: 1 seconds
NOTE: I am doing iterations with the HMM model!
Read classes: #words: 687  #classes: 51
Actual number of read words: 686 stored words: 686
Read classes: #words: 514  #classes: 51
Actual number of read words: 513 stored words: 513

==========================================================
Hmm Training Started at: Sun Dec 25 12:21:20 2022

-----------
Hmm: Iteration 1
A/D table contains 10674 parameters.
Hmm: (1) TRAIN CROSS-ENTROPY 4.24583 PERPLEXITY 18.9724
Hmm: (1) VITERBI TRAIN CROSS-ENTROPY 5.05114 PERPLEXITY 33.1546

Hmm Iteration: 1 took: 1 seconds

-----------
Hmm: Iteration 2
A/D table contains 10674 parameters.
Hmm: (2) TRAIN CROSS-ENTROPY 3.4751 PERPLEXITY 11.1201
Hmm: (2) VITERBI TRAIN CROSS-ENTROPY 3.88985 PERPLEXITY 14.8239

Hmm Iteration: 2 took: 1 seconds

-----------
Hmm: Iteration 3
A/D table contains 10674 parameters.
Hmm: (3) TRAIN CROSS-ENTROPY 2.93447 PERPLEXITY 7.64478
Hmm: (3) VITERBI TRAIN CROSS-ENTROPY 3.17165 PERPLEXITY 9.01077

Hmm Iteration: 3 took: 0 seconds

-----------
Hmm: Iteration 4
A/D table contains 10674 parameters.
Hmm: (4) TRAIN CROSS-ENTROPY 2.71029 PERPLEXITY 6.54454
Hmm: (4) VITERBI TRAIN CROSS-ENTROPY 2.87518 PERPLEXITY 7.33695

Hmm Iteration: 4 took: 1 seconds

-----------
Hmm: Iteration 5
A/D table contains 10674 parameters.
Hmm: (5) TRAIN CROSS-ENTROPY 2.59808 PERPLEXITY 6.05479
Hmm: (5) VITERBI TRAIN CROSS-ENTROPY 2.72347 PERPLEXITY 6.60462

Hmm Iteration: 5 took: 1 seconds

Entire Hmm Training took: 4 seconds
==========================================================

==========================================================
Starting H333444:  Viterbi Training
 H333444 Training Started at: Sun Dec 25 12:21:24 2022


---------------------
THTo3: Iteration 1
#centers(pre/hillclimbed/real): 1 1 1  #al: 159.087 #alsophisticatedcountcollection: 0 #hcsteps: 0
#peggingImprovements: 0
A/D table contains 10674 parameters.
A/D table contains 11093 parameters.
p0_count is 79850.2 and p1 is 7294.15; p0 is 0.999 p1: 0.001
THTo3: TRAIN CROSS-ENTROPY 2.24477 PERPLEXITY 4.73962
THTo3: (1) TRAIN VITERBI CROSS-ENTROPY 2.32474 PERPLEXITY 5.00976

THTo3 Viterbi Iteration : 1 took: 1 seconds

---------------------
Model3: Iteration 2
#centers(pre/hillclimbed/real): 1 1 1  #al: 159.323 #alsophisticatedcountcollection: 0 #hcsteps: 1.84074
#peggingImprovements: 0
A/D table contains 10674 parameters.
A/D table contains 11095 parameters.
p0_count is 89258 and p1 is 2590.51; p0 is 0.999 p1: 0.001
Model3: TRAIN CROSS-ENTROPY 3.61895 PERPLEXITY 12.2861
Model3: (2) TRAIN VITERBI CROSS-ENTROPY 3.68168 PERPLEXITY 12.8321

Model3 Viterbi Iteration : 2 took: 0 seconds

---------------------
Model3: Iteration 3
#centers(pre/hillclimbed/real): 1 1 1  #al: 159.365 #alsophisticatedcountcollection: 0 #hcsteps: 1.79832
#peggingImprovements: 0
A/D table contains 10674 parameters.
A/D table contains 11036 parameters.
p0_count is 92431 and p1 is 1004.01; p0 is 0.999 p1: 0.001
Model3: TRAIN CROSS-ENTROPY 3.39035 PERPLEXITY 10.4857
Model3: (3) TRAIN VITERBI CROSS-ENTROPY 3.43016 PERPLEXITY 10.7791

Model3 Viterbi Iteration : 3 took: 1 seconds

---------------------
T3To4: Iteration 4
#centers(pre/hillclimbed/real): 1 1 1  #al: 159.368 #alsophisticatedcountcollection: 7.11463 #hcsteps: 1.79274
#peggingImprovements: 0
D4 table contains 182294 parameters.
A/D table contains 10674 parameters.
A/D table contains 11004 parameters.
p0_count is 92994.4 and p1 is 722.313; p0 is 0.999 p1: 0.001
T3To4: TRAIN CROSS-ENTROPY 3.33091 PERPLEXITY 10.0625
T3To4: (4) TRAIN VITERBI CROSS-ENTROPY 3.36194 PERPLEXITY 10.2812

T3To4 Viterbi Iteration : 4 took: 1 seconds

---------------------
Model4: Iteration 5
#centers(pre/hillclimbed/real): 1 1 1  #al: 159.369 #alsophisticatedcountcollection: 5.22863 #hcsteps: 1.69211
#peggingImprovements: 0
D4 table contains 182294 parameters.
A/D table contains 10674 parameters.
A/D table contains 11004 parameters.
p0_count is 93156.9 and p1 is 641.033; p0 is 0.999 p1: 0.001
Model4: TRAIN CROSS-ENTROPY 2.34317 PERPLEXITY 5.07417
Model4: (5) TRAIN VITERBI CROSS-ENTROPY 2.36069 PERPLEXITY 5.13615

Model4 Viterbi Iteration : 5 took: 1 seconds

---------------------
Model4: Iteration 6
I will write alignment to /home/miguel/Documentos/TA/exercices/ex4/train/work/giza.en-es/en-es.A3.final.part000
#centers(pre/hillclimbed/real): 1 1 1  #al: 159.367 #alsophisticatedcountcollection: 4.352 #hcsteps: 1.67379
#peggingImprovements: 0
D4 table contains 182294 parameters.
A/D table contains 10674 parameters.
A/D table contains 10945 parameters.
p0_count is 93111.8 and p1 is 663.622; p0 is 0.999 p1: 0.001
Model4: TRAIN CROSS-ENTROPY 2.27 PERPLEXITY 4.82322
Model4: (6) TRAIN VITERBI CROSS-ENTROPY 2.28314 PERPLEXITY 4.86736

Model4 Viterbi Iteration : 6 took: 2 seconds
H333444 Training Finished at: Sun Dec 25 12:21:30 2022


Entire Viterbi H333444 Training took: 6 seconds
==========================================================

Entire Training took: 11 seconds
Program Finished at: Sun Dec 25 12:21:30 2022

==========================================================
FILE: /home/miguel/Documentos/TA/exercices/ex4/train/training.clean.en
FILE: /home/miguel/Documentos/TA/exercices/ex4/train/training.clean.es
FILE: /home/miguel/Documentos/TA/exercices/ex4/train/work/model/aligned.grow-diag-final-and
MAX 7 1 0
Started Sun Dec 25 12:21:31 2022
total=9500 line-per-split=1188 
