

NUMERIC_THREATS_MODE: 0

; Command line: /home/germol/cosesDeLaUni/master/pin/lpg-td -o domain_functional.pddl -f problem_functional.pddl -n 2   


Parsing domain file:  domain 'PUERTO' defined ... done.
Parsing problem file:  problem 'P1' defined ... done.



Modality: Incremental Planner

Number of actions             :    2354
Number of conditional actions :       0
Number of facts               :     410


Analyzing Planning Problem:
	Temporal Planning Problem: YES
	Numeric Planning Problem: YES
	Problem with Timed Initial Literals: NO
	Problem with Derived Predicates: NO

Evaluation function weights:
     Action duration 1.00; Action cost 1.00


Computing mutex... done

Preprocessing total time: 0.04 seconds

Searching ('.' = every 50 search steps):
........... search limit exceeded. Restart using null plan
 solution found: 
 Recompute start times

 first_solution_cpu_time: 0.99 
Solution number: 1
Total time:      0.99
Search time:     0.95
Actions:         14
Duration:        156.500
Plan quality:    171.500 
Total Num Flips: 621
     Plan file:       plan_problem_functional.pddl_1.SOL Restart using stored plan
.... found solution of bad quality. Restart using null plan
.......... search limit exceeded. Restart using stored plan
..... found solution of bad quality. Restart using stored plan
 solution found: 
 Recompute start times


Plan computed:
   Time: (ACTION) [action Duration; action Cost]
 0.0000: (UNSTACK C8 T4 A2 S21 L2) [D:10.50; C:0.10]
 10.5000: (STACKONCONTAINER_REGULAR C8 C6 A2 S23 L2) [D:14.50; C:0.10]
 25.0000: (UNSTACK T4 S21 A2 S21 L2) [D:16.50; C:0.10]
 41.5000: (PLACEINRAIL L2 L1 A2 T4 R2) [D:18.50; C:0.10]
 60.0000: (TRANSPORT_SLOW R2 T4 L2 L1) [D:11.50; C:5.00]
 60.0000: (UNSTACK C2 T3 A2 S22 L2) [D:5.50; C:0.10]
 65.5000: (STACKONCONTAINER_REGULAR C2 C8 A2 S23 L2) [D:9.50; C:0.10]
 71.5000: (PICKFROMRAIL R2 L1 L2 T4 A1) [D:21.50; C:0.10]
 75.0000: (UNSTACK T3 C5 A2 S22 L2) [D:11.50; C:0.10]
 93.0000: (STACKONCONTAINER_TARGET T4 T7 A1 S11 L1) [D:8.50; C:0.10]
 93.0000: (PLACEINRAIL L2 L1 A2 T3 R2) [D:18.50; C:0.10]
 111.5000: (TRANSPORT_FAST R2 T3 L2 L1) [D:6.50; C:10.00]
 118.0000: (PICKFROMRAIL R2 L1 L2 T3 A1) [D:21.50; C:0.10]
 139.5000: (STACKONCONTAINER_TARGET T3 C11 A1 S13 L1) [D:13.50; C:0.10]



METRIC_VALUE = 168.00
Solution number: 2
Total time:      2.77
Search time:     2.73
Actions:         14
Duration:        153.000
Plan quality:    168.000 
Total Num Flips: 1591
     Plan file:       plan_problem_functional.pddl_2.SOL

