; LP calculated the cost

; Plan found with metric 10.000
; Theoretical reachable cost 10.000
; States evaluated so far: 7411
; States pruned based on pre-heuristic cost lower bound: 0
; Time 26.42
0.000: (unstack t7 c1 a1 s11 l1)  [10.500]
0.000: (unstack c8 t4 a2 s21 l2)  [10.500]
10.501: (stackoncontainer_target t7 c10 a1 s12 l1)  [9.500]
10.501: (placeinrail l2 l1 a2 c8 r2)  [19.500]
10.501: (stackoncontainer_regular c8 t4 a2 s21 l2)  [14.500]
25.002: (unstack c2 t3 a2 s22 l2)  [5.500]
30.001: (transport_fast r2 c8 l2 l1)  [5.500]
35.501: (pickfromrail r2 l1 l2 c8 a1)  [20.500]
56.002: (stackoncontainer_regular c8 c1 a1 s11 l1)  [14.500]
70.503: (unstack c8 t4 a1 s11 l1)  [10.500]
75.503: (unstack c8 c1 a2 s21 l2)  [10.500]
81.004: (stackoncontainer_regular c8 c11 a1 s13 l1)  [14.500]
86.004: (stackoncontainer_regular c8 t3 a2 s22 l2)  [9.500]
95.505: (unstack c8 t3 a1 s13 l1)  [10.500]

