STATUS: [545, 650, 546, 769, 546, 686, 727, 603, 553, 654]
STATUS: [628, 650, 575, 711, 546, 670, 706, 654, 553, 641]
STATUS: [628, 650, 575, 711, 546, 670, 706, 654, 553, 641]
STATUS: [587, 616, 575, 708, 546, 651, 706, 633, 553, 641]
STATUS: [587, 616, 575, 708, 546, 651, 706, 633, 553, 641]
STATUS: [616, 661, 608, 627, 603, 651, 706, 624, 580, 634]
STATUS: [616, 661, 608, 627, 603, 651, 706, 624, 580, 634]
STATUS: [616, 621, 637, 666, 603, 603, 665, 624, 580, 634]
STATUS: [616, 621, 637, 666, 603, 603, 665, 624, 580, 634]
STATUS: [617, 643, 637, 641, 607, 616, 665, 630, 628, 618]
STATUS: [617, 643, 637, 641, 607, 616, 665, 630, 628, 618]
STATUS: [612, 636, 646, 620, 617, 616, 646, 630, 628, 630]
STATUS: [612, 636, 646, 620, 617, 616, 646, 630, 628, 630]
STATUS: [614, 636, 633, 620, 623, 631, 629, 630, 622, 624]
STATUS: [614, 636, 633, 620, 623, 631, 629, 630, 622, 624]
STATUS: [627, 630, 631, 620, 621, 630, 629, 630, 624, 627]
STATUS: [627, 630, 631, 620, 621, 630, 629, 630, 624, 627]
STATUS: [623, 630, 630, 620, 622, 628, 626, 630, 624, 627]
STATUS: [623, 630, 630, 620, 622, 628, 626, 630, 624, 627]
STATUS: [626, 630, 626, 625, 622, 628, 626, 626, 625, 627]
STATUS: [626, 630, 626, 625, 622, 628, 626, 626, 625, 627]
STATUS: [627, 628, 624, 626, 622, 626, 626, 625, 625, 626]
STATUS: [627, 628, 624, 626, 622, 626, 626, 625, 625, 626]
STATUS: [624, 628, 624, 626, 624, 625, 625, 625, 626, 625]
STATUS: [624, 628, 624, 626, 624, 625, 625, 625, 626, 625]
STATUS: [625, 625, 624, 625, 624, 625, 625, 624, 626, 625]
STATUS: [625, 625, 624, 625, 624, 625, 625, 624, 626, 625]
STATUS: [625, 624, 624, 625, 625, 624, 625, 624, 625, 625]
STATUS: [625, 624, 624, 625, 625, 624, 625, 624, 625, 625]
STATUS: [625, 624, 624, 625, 624, 624, 625, 624, 624, 625]
STATUS: [625, 624, 624, 625, 624, 624, 625, 624, 624, 625]
STATUS: [624, 624, 624, 624, 624, 624, 624, 624, 624, 624]
Gossip done.
