STATUS: [649, 500, 559, 478, 442, 442, 504, 559, 223, 674, 565, 493, 236, 483, 421, 595, 456, 158, 688, 528]
STATUS: [649, 500, 559, 478, 442, 442, 504, 559, 223, 674, 565, 493, 236, 483, 421, 595, 525, 197, 688, 528]
STATUS: [521, 482, 531, 478, 332, 442, 504, 515, 223, 674, 597, 493, 236, 387, 521, 595, 545, 197, 573, 528]
STATUS: [558, 482, 531, 478, 332, 442, 370, 515, 223, 674, 597, 493, 236, 387, 521, 595, 545, 197, 573, 528]
STATUS: [583, 520, 444, 531, 426, 442, 515, 515, 450, 609, 597, 493, 236, 451, 392, 595, 517, 264, 573, 528]
STATUS: [583, 520, 444, 531, 331, 442, 515, 515, 450, 609, 597, 493, 236, 451, 392, 595, 517, 429, 573, 528]
STATUS: [487, 521, 444, 431, 386, 442, 504, 515, 523, 526, 597, 495, 456, 498, 410, 595, 484, 429, 546, 525]
STATUS: [487, 521, 444, 431, 386, 518, 504, 515, 523, 526, 597, 495, 456, 498, 410, 595, 484, 429, 501, 525]
STATUS: [448, 491, 474, 431, 492, 509, 504, 501, 469, 561, 597, 502, 443, 442, 410, 595, 484, 429, 501, 521]
STATUS: [448, 491, 474, 431, 492, 509, 504, 501, 469, 578, 597, 502, 443, 442, 410, 595, 484, 429, 501, 482]
STATUS: [448, 482, 471, 466, 544, 509, 485, 501, 469, 499, 474, 502, 456, 474, 410, 539, 484, 466, 505, 482]
STATUS: [448, 482, 471, 500, 544, 509, 485, 501, 469, 499, 474, 502, 456, 474, 410, 539, 484, 466, 505, 482]
STATUS: [448, 488, 476, 494, 521, 491, 485, 501, 469, 499, 463, 478, 466, 474, 446, 525, 491, 466, 476, 474]
STATUS: [448, 488, 498, 494, 521, 491, 485, 501, 469, 499, 463, 478, 466, 474, 446, 525, 491, 466, 476, 474]
STATUS: [447, 489, 490, 484, 521, 491, 492, 474, 495, 499, 476, 477, 478, 468, 457, 504, 488, 482, 477, 484]
STATUS: [447, 489, 490, 484, 521, 491, 492, 474, 486, 499, 476, 477, 478, 468, 457, 504, 488, 482, 477, 494]
STATUS: [467, 484, 486, 470, 494, 491, 472, 485, 492, 499, 476, 477, 477, 477, 489, 497, 478, 479, 477, 494]
STATUS: [467, 484, 486, 473, 494, 491, 484, 485, 492, 499, 476, 477, 477, 477, 489, 497, 478, 479, 477, 494]
STATUS: [467, 484, 486, 479, 484, 491, 480, 485, 492, 499, 476, 488, 484, 484, 484, 479, 484, 485, 476, 490]
STATUS: [473, 484, 486, 479, 484, 491, 480, 484, 492, 499, 476, 488, 484, 484, 484, 479, 484, 485, 476, 490]
STATUS: [473, 482, 484, 479, 485, 491, 480, 484, 488, 499, 477, 486, 484, 485, 484, 479, 482, 484, 476, 485]
STATUS: [473, 480, 484, 479, 484, 491, 480, 484, 488, 499, 477, 486, 484, 485, 484, 479, 482, 484, 476, 485]
STATUS: [478, 484, 479, 479, 484, 487, 480, 484, 488, 499, 475, 480, 482, 483, 483, 485, 483, 480, 476, 492]
STATUS: [478, 484, 479, 479, 484, 487, 481, 484, 488, 492, 475, 480, 482, 483, 483, 485, 483, 480, 476, 492]
STATUS: [480, 484, 479, 479, 484, 487, 480, 484, 481, 488, 479, 486, 482, 479, 483, 482, 485, 479, 477, 483]
STATUS: [480, 484, 479, 479, 484, 487, 480, 484, 481, 488, 479, 486, 482, 479, 482, 482, 485, 479, 477, 483]
STATUS: [480, 482, 483, 479, 480, 487, 483, 483, 481, 488, 483, 482, 482, 478, 480, 482, 482, 479, 477, 483]
STATUS: [480, 482, 483, 479, 480, 487, 483, 483, 481, 488, 483, 482, 482, 478, 480, 482, 482, 479, 477, 483]
STATUS: [481, 479, 483, 481, 481, 487, 482, 483, 481, 488, 483, 482, 482, 483, 481, 481, 480, 479, 480, 483]
STATUS: [481, 479, 483, 481, 481, 487, 482, 483, 481, 488, 482, 482, 482, 483, 481, 481, 480, 479, 480, 483]
STATUS: [481, 480, 483, 481, 481, 484, 481, 482, 481, 484, 481, 482, 482, 484, 481, 481, 480, 481, 480, 483]
STATUS: [481, 480, 483, 481, 481, 484, 481, 482, 481, 484, 481, 482, 482, 484, 481, 481, 480, 481, 480, 483]
STATUS: [481, 480, 481, 482, 481, 484, 481, 481, 481, 484, 481, 482, 482, 482, 483, 481, 480, 480, 480, 483]
STATUS: [481, 480, 481, 482, 481, 484, 481, 481, 481, 484, 481, 482, 482, 482, 482, 481, 480, 480, 480, 483]
STATUS: [480, 480, 482, 481, 482, 484, 481, 481, 481, 483, 481, 481, 481, 481, 481, 481, 480, 480, 480, 483]
STATUS: [480, 480, 482, 481, 482, 482, 481, 481, 481, 483, 481, 481, 481, 481, 481, 481, 480, 480, 480, 483]
STATUS: [480, 480, 481, 482, 481, 481, 481, 482, 481, 483, 481, 481, 481, 481, 480, 481, 480, 480, 480, 483]
STATUS: [480, 480, 481, 482, 481, 481, 481, 482, 481, 483, 481, 481, 481, 481, 480, 481, 480, 480, 480, 483]
STATUS: [480, 480, 480, 481, 481, 481, 481, 482, 481, 481, 481, 481, 481, 481, 480, 480, 480, 480, 480, 481]
STATUS: [480, 480, 480, 481, 481, 481, 481, 482, 481, 481, 481, 481, 480, 481, 480, 480, 480, 480, 480, 481]
STATUS: [480, 480, 480, 481, 481, 480, 481, 481, 481, 481, 480, 481, 480, 481, 480, 480, 480, 480, 480, 481]
STATUS: [480, 480, 480, 481, 481, 480, 481, 481, 481, 480, 480, 481, 480, 481, 480, 480, 480, 480, 480, 481]
STATUS: [480, 480, 480, 481, 480, 480, 480, 481, 480, 480, 480, 480, 480, 480, 480, 480, 480, 480, 480, 480]
STATUS: [480, 480, 480, 481, 480, 480, 480, 481, 480, 480, 480, 480, 480, 480, 480, 480, 480, 480, 480, 480]
STATUS: [480, 480, 480, 480, 480, 480, 480, 480, 480, 480, 480, 480, 480, 480, 480, 480, 480, 480, 480, 480]
Gossip done.
