digraph hmm {
  rankdir=LR;
  node [shape=doublecircle]; 0 1 7
  node [shape=circle];
  0 -> 0 [ label = 0.839 ];
  0 -> 1 [ label = 0.160 ];
  0 -> 4 [ label = 0.001 ];
  1 -> 0 [ label = 0.001 ];
  1 -> 1 [ label = 0.874 ];
  1 -> 2 [ label = 0.007 ];
  1 -> 3 [ label = 0.005 ];
  1 -> 4 [ label = 0.061 ];
  1 -> 11 [ label = 0.047 ];
  1 -> 14 [ label = 0.005 ];
  1 -> 26 [ label = 0.001 ];
  2 -> 3 [ label = 0.056 ];
  2 -> 5 [ label = 0.005 ];
  2 -> 6 [ label = 0.118 ];
  2 -> 7 [ label = 0.047 ];
  2 -> 8 [ label = 0.095 ];
  2 -> 10 [ label = 0.126 ];
  2 -> 12 [ label = 0.246 ];
  2 -> 13 [ label = 0.072 ];
  2 -> 16 [ label = 0.028 ];
  2 -> 19 [ label = 0.005 ];
  2 -> 20 [ label = 0.005 ];
  2 -> 22 [ label = 0.009 ];
  2 -> 24 [ label = 0.005 ];
  2 -> 26 [ label = 0.183 ];
  3 -> 2 [ label = 0.086 ];
  3 -> 3 [ label = 0.545 ];
  3 -> 7 [ label = 0.011 ];
  3 -> 8 [ label = 0.122 ];
  3 -> 12 [ label = 0.024 ];
  3 -> 22 [ label = 0.030 ];
  3 -> 23 [ label = 0.020 ];
  3 -> 26 [ label = 0.162 ];
  4 -> 1 [ label = 0.002 ];
  4 -> 2 [ label = 0.045 ];
  4 -> 4 [ label = 0.880 ];
  4 -> 5 [ label = 0.013 ];
  4 -> 6 [ label = 0.016 ];
  4 -> 8 [ label = 0.036 ];
  4 -> 10 [ label = 0.008 ];
  4 -> 22 [ label = 0.001 ];
  5 -> 2 [ label = 0.283 ];
  5 -> 5 [ label = 0.593 ];
  5 -> 10 [ label = 0.050 ];
  5 -> 26 [ label = 0.074 ];
  6 -> 2 [ label = 0.265 ];
  6 -> 3 [ label = 0.044 ];
  6 -> 5 [ label = 0.015 ];
  6 -> 6 [ label = 0.133 ];
  6 -> 7 [ label = 0.132 ];
  6 -> 8 [ label = 0.086 ];
  6 -> 9 [ label = 0.016 ];
  6 -> 10 [ label = 0.029 ];
  6 -> 12 [ label = 0.102 ];
  6 -> 15 [ label = 0.015 ];
  6 -> 16 [ label = 0.015 ];
  6 -> 25 [ label = 0.015 ];
  6 -> 26 [ label = 0.132 ];
  7 -> 1 [ label = 0.007 ];
  7 -> 3 [ label = 0.062 ];
  7 -> 6 [ label = 0.007 ];
  7 -> 7 [ label = 0.856 ];
  7 -> 8 [ label = 0.034 ];
  7 -> 9 [ label = 0.021 ];
  7 -> 10 [ label = 0.007 ];
  7 -> 12 [ label = 0.007 ];
  8 -> 2 [ label = 0.089 ];
  8 -> 3 [ label = 0.013 ];
  8 -> 5 [ label = 0.010 ];
  8 -> 6 [ label = 0.010 ];
  8 -> 8 [ label = 0.490 ];
  8 -> 9 [ label = 0.007 ];
  8 -> 10 [ label = 0.050 ];
  8 -> 12 [ label = 0.003 ];
  8 -> 15 [ label = 0.003 ];
  8 -> 18 [ label = 0.007 ];
  8 -> 21 [ label = 0.003 ];
  8 -> 22 [ label = 0.003 ];
  8 -> 26 [ label = 0.311 ];
  9 -> 8 [ label = 0.671 ];
  9 -> 10 [ label = 0.329 ];
  10 -> 2 [ label = 0.051 ];
  10 -> 3 [ label = 0.051 ];
  10 -> 6 [ label = 0.116 ];
  10 -> 8 [ label = 0.029 ];
  10 -> 10 [ label = 0.558 ];
  10 -> 13 [ label = 0.007 ];
  10 -> 16 [ label = 0.007 ];
  10 -> 17 [ label = 0.007 ];
  10 -> 23 [ label = 0.007 ];
  10 -> 26 [ label = 0.167 ];
  11 -> 2 [ label = 0.243 ];
  11 -> 11 [ label = 0.745 ];
  11 -> 12 [ label = 0.011 ];
  12 -> 2 [ label = 0.014 ];
  12 -> 8 [ label = 0.080 ];
  12 -> 12 [ label = 0.033 ];
  12 -> 13 [ label = 0.831 ];
  12 -> 22 [ label = 0.028 ];
  12 -> 26 [ label = 0.014 ];
  13 -> 2 [ label = 0.035 ];
  13 -> 8 [ label = 0.736 ];
  13 -> 13 [ label = 0.112 ];
  13 -> 17 [ label = 0.012 ];
  13 -> 26 [ label = 0.104 ];
  14 -> 2 [ label = 0.118 ];
  14 -> 14 [ label = 0.882 ];
  15 -> 2 [ label = 0.251 ];
  15 -> 15 [ label = 0.500 ];
  15 -> 26 [ label = 0.249 ];
  16 -> 10 [ label = 0.062 ];
  16 -> 16 [ label = 0.750 ];
  16 -> 17 [ label = 0.157 ];
  16 -> 26 [ label = 0.031 ];
  17 -> 17 [ label = 0.720 ];
  17 -> 26 [ label = 0.280 ];
  18 -> 18 [ label = 0.667 ];
  18 -> 26 [ label = 0.333 ];
  19 -> 10 [ label = 0.333 ];
  19 -> 19 [ label = 0.667 ];
  20 -> 8 [ label = 0.500 ];
  20 -> 20 [ label = 0.500 ];
  21 -> 26 [ label = 1.000 ];
  22 -> 3 [ label = 0.054 ];
  22 -> 8 [ label = 0.054 ];
  22 -> 10 [ label = 0.054 ];
  22 -> 12 [ label = 0.027 ];
  22 -> 22 [ label = 0.757 ];
  22 -> 26 [ label = 0.054 ];
  23 -> 23 [ label = 0.400 ];
  23 -> 26 [ label = 0.600 ];
  24 -> 26 [ label = 1.000 ];
  25 -> 25 [ label = 0.500 ];
  25 -> 26 [ label = 0.500 ];
}