digraph hmm {
  rankdir=LR;
  node [shape=doublecircle]; 0 1 7
  node [shape=circle];
  0 -> 0 [ label = 0.863 ];
  0 -> 1 [ label = 0.136 ];
  0 -> 4 [ label = 0.001 ];
  1 -> 0 [ label = 0.001 ];
  1 -> 1 [ label = 0.892 ];
  1 -> 2 [ label = 0.011 ];
  1 -> 3 [ label = 0.003 ];
  1 -> 4 [ label = 0.049 ];
  1 -> 6 [ label = 0.001 ];
  1 -> 11 [ label = 0.038 ];
  1 -> 14 [ label = 0.004 ];
  1 -> 26 [ label = 0.001 ];
  2 -> 2 [ label = 0.500 ];
  2 -> 3 [ label = 0.032 ];
  2 -> 5 [ label = 0.002 ];
  2 -> 6 [ label = 0.055 ];
  2 -> 7 [ label = 0.023 ];
  2 -> 8 [ label = 0.046 ];
  2 -> 9 [ label = 0.002 ];
  2 -> 10 [ label = 0.065 ];
  2 -> 12 [ label = 0.145 ];
  2 -> 13 [ label = 0.016 ];
  2 -> 16 [ label = 0.014 ];
  2 -> 19 [ label = 0.002 ];
  2 -> 20 [ label = 0.002 ];
  2 -> 22 [ label = 0.002 ];
  2 -> 24 [ label = 0.002 ];
  2 -> 26 [ label = 0.090 ];
  3 -> 2 [ label = 0.051 ];
  3 -> 3 [ label = 0.686 ];
  3 -> 7 [ label = 0.007 ];
  3 -> 8 [ label = 0.095 ];
  3 -> 12 [ label = 0.007 ];
  3 -> 22 [ label = 0.022 ];
  3 -> 23 [ label = 0.015 ];
  3 -> 26 [ label = 0.117 ];
  4 -> 1 [ label = 0.001 ];
  4 -> 2 [ label = 0.039 ];
  4 -> 4 [ label = 0.894 ];
  4 -> 5 [ label = 0.009 ];
  4 -> 6 [ label = 0.011 ];
  4 -> 8 [ label = 0.034 ];
  4 -> 10 [ label = 0.007 ];
  4 -> 12 [ label = 0.002 ];
  4 -> 22 [ label = 0.001 ];
  5 -> 2 [ label = 0.176 ];
  5 -> 5 [ label = 0.706 ];
  5 -> 10 [ label = 0.039 ];
  5 -> 26 [ label = 0.078 ];
  6 -> 2 [ label = 0.157 ];
  6 -> 3 [ label = 0.008 ];
  6 -> 5 [ label = 0.017 ];
  6 -> 6 [ label = 0.529 ];
  6 -> 7 [ label = 0.074 ];
  6 -> 8 [ label = 0.033 ];
  6 -> 9 [ label = 0.008 ];
  6 -> 10 [ label = 0.017 ];
  6 -> 12 [ label = 0.058 ];
  6 -> 15 [ label = 0.008 ];
  6 -> 16 [ label = 0.008 ];
  6 -> 25 [ label = 0.008 ];
  6 -> 26 [ label = 0.074 ];
  7 -> 1 [ label = 0.006 ];
  7 -> 3 [ label = 0.054 ];
  7 -> 6 [ label = 0.006 ];
  7 -> 7 [ label = 0.874 ];
  7 -> 8 [ label = 0.036 ];
  7 -> 9 [ label = 0.012 ];
  7 -> 10 [ label = 0.006 ];
  7 -> 12 [ label = 0.006 ];
  8 -> 2 [ label = 0.056 ];
  8 -> 3 [ label = 0.010 ];
  8 -> 5 [ label = 0.006 ];
  8 -> 6 [ label = 0.008 ];
  8 -> 8 [ label = 0.668 ];
  8 -> 9 [ label = 0.004 ];
  8 -> 10 [ label = 0.031 ];
  8 -> 12 [ label = 0.002 ];
  8 -> 15 [ label = 0.002 ];
  8 -> 18 [ label = 0.004 ];
  8 -> 21 [ label = 0.002 ];
  8 -> 22 [ label = 0.002 ];
  8 -> 26 [ label = 0.203 ];
  9 -> 8 [ label = 0.333 ];
  9 -> 9 [ label = 0.500 ];
  9 -> 10 [ label = 0.167 ];
  10 -> 2 [ label = 0.035 ];
  10 -> 3 [ label = 0.035 ];
  10 -> 6 [ label = 0.079 ];
  10 -> 8 [ label = 0.020 ];
  10 -> 10 [ label = 0.698 ];
  10 -> 13 [ label = 0.005 ];
  10 -> 16 [ label = 0.005 ];
  10 -> 17 [ label = 0.005 ];
  10 -> 23 [ label = 0.005 ];
  10 -> 26 [ label = 0.114 ];
  11 -> 2 [ label = 0.194 ];
  11 -> 11 [ label = 0.795 ];
  11 -> 12 [ label = 0.011 ];
  12 -> 2 [ label = 0.006 ];
  12 -> 8 [ label = 0.123 ];
  12 -> 12 [ label = 0.506 ];
  12 -> 13 [ label = 0.346 ];
  12 -> 22 [ label = 0.012 ];
  12 -> 26 [ label = 0.006 ];
  13 -> 2 [ label = 0.023 ];
  13 -> 8 [ label = 0.402 ];
  13 -> 13 [ label = 0.515 ];
  13 -> 17 [ label = 0.008 ];
  13 -> 26 [ label = 0.053 ];
  14 -> 2 [ label = 0.106 ];
  14 -> 14 [ label = 0.894 ];
  15 -> 2 [ label = 0.167 ];
  15 -> 15 [ label = 0.667 ];
  15 -> 26 [ label = 0.167 ];
  16 -> 10 [ label = 0.026 ];
  16 -> 16 [ label = 0.795 ];
  16 -> 17 [ label = 0.154 ];
  16 -> 26 [ label = 0.026 ];
  17 -> 17 [ label = 0.778 ];
  17 -> 26 [ label = 0.222 ];
  18 -> 18 [ label = 0.750 ];
  18 -> 26 [ label = 0.250 ];
  19 -> 10 [ label = 0.250 ];
  19 -> 19 [ label = 0.750 ];
  20 -> 8 [ label = 0.333 ];
  20 -> 20 [ label = 0.667 ];
  21 -> 21 [ label = 0.500 ];
  21 -> 26 [ label = 0.500 ];
  22 -> 3 [ label = 0.023 ];
  22 -> 8 [ label = 0.046 ];
  22 -> 10 [ label = 0.046 ];
  22 -> 12 [ label = 0.023 ];
  22 -> 22 [ label = 0.814 ];
  22 -> 26 [ label = 0.046 ];
  23 -> 23 [ label = 0.625 ];
  23 -> 26 [ label = 0.375 ];
  24 -> 24 [ label = 0.500 ];
  24 -> 26 [ label = 0.500 ];
  25 -> 25 [ label = 0.667 ];
  25 -> 26 [ label = 0.333 ];
}