STATUS: [946, 850, 723, 538, 554, 858, 700, 717, 401, 920]
STATUS: [946, 694, 723, 538, 772, 858, 711, 518, 629, 818]
STATUS: [946, 694, 723, 538, 772, 858, 711, 518, 629, 818]
STATUS: [866, 664, 723, 678, 741, 838, 702, 518, 787, 818]
STATUS: [866, 664, 723, 678, 741, 838, 702, 518, 787, 818]
STATUS: [711, 724, 703, 753, 741, 828, 784, 591, 787, 748]
STATUS: [711, 724, 703, 753, 741, 828, 784, 591, 787, 748]
STATUS: [702, 734, 707, 753, 738, 828, 806, 687, 787, 748]
STATUS: [702, 734, 707, 753, 738, 828, 806, 687, 787, 748]
STATUS: [785, 734, 720, 758, 738, 828, 806, 722, 762, 734]
STATUS: [785, 734, 720, 758, 738, 828, 806, 722, 762, 734]
STATUS: [771, 736, 752, 755, 769, 795, 806, 775, 762, 734]
STATUS: [771, 736, 752, 755, 769, 795, 806, 775, 762, 734]
STATUS: [771, 753, 762, 780, 765, 795, 800, 772, 752, 734]
STATUS: [771, 753, 762, 780, 765, 795, 800, 772, 752, 734]
STATUS: [771, 774, 760, 758, 758, 795, 782, 772, 757, 767]
STATUS: [771, 774, 760, 758, 758, 795, 782, 772, 757, 767]
STATUS: [769, 774, 760, 759, 768, 779, 773, 771, 764, 764]
STATUS: [769, 774, 760, 759, 768, 779, 773, 771, 764, 764]
STATUS: [767, 774, 771, 759, 765, 779, 773, 771, 763, 768]
STATUS: [767, 774, 771, 759, 765, 779, 773, 771, 763, 768]
STATUS: [769, 771, 771, 766, 767, 769, 766, 770, 763, 768]
STATUS: [769, 771, 771, 766, 767, 769, 766, 770, 763, 768]
STATUS: [768, 771, 770, 766, 769, 768, 765, 767, 765, 768]
STATUS: [768, 771, 770, 766, 769, 768, 765, 767, 765, 768]
STATUS: [768, 771, 767, 766, 769, 768, 765, 766, 766, 767]
STATUS: [768, 771, 767, 766, 769, 768, 765, 766, 766, 767]
STATUS: [766, 771, 767, 766, 768, 768, 768, 767, 767, 766]
STATUS: [766, 771, 767, 766, 768, 768, 768, 767, 767, 766]
STATUS: [766, 767, 767, 767, 768, 768, 768, 768, 767, 766]
STATUS: [766, 767, 767, 767, 768, 768, 768, 768, 767, 766]
STATUS: [766, 767, 767, 767, 766, 768, 768, 768, 766, 766]
STATUS: [766, 767, 767, 767, 766, 768, 768, 768, 766, 766]
STATUS: [766, 766, 767, 767, 766, 767, 767, 768, 766, 766]
STATUS: [766, 766, 767, 767, 766, 767, 767, 768, 766, 766]
STATUS: [766, 766, 767, 766, 766, 766, 767, 768, 766, 766]
STATUS: [766, 766, 767, 766, 766, 766, 767, 768, 766, 766]
STATUS: [767, 766, 766, 766, 766, 766, 767, 766, 766, 766]
STATUS: [767, 766, 766, 766, 766, 766, 767, 766, 766, 766]
STATUS: [766, 766, 766, 766, 766, 766, 766, 766, 766, 766]
Gossip done.
