shard_size = 0 shard_count = 0
Seeding random numbers with system clock 
name: case value: true
Data::m_score_type BLEU
Data::Scorer type from Scorer: BLEU
Loading Data from: run1.scores.dat and run1.features.dat
loading feature data from run1.features.dat
loading score data from run1.scores.dat
Loading Data from: run2.scores.dat and run2.features.dat
loading feature data from run2.features.dat
loading score data from run2.scores.dat
Loading Data from: run3.scores.dat and run3.features.dat
loading feature data from run3.features.dat
loading score data from run3.scores.dat
Loading Data from: run4.scores.dat and run4.features.dat
loading feature data from run4.features.dat
loading score data from run4.scores.dat
Loading Data from: run5.scores.dat and run5.features.dat
loading feature data from run5.features.dat
loading score data from run5.scores.dat
Data loaded : [Wall 0.614447 CPU 0.613693] seconds.
Creating a pool of 1 threads
Best point: 0.0471008 0.0179348 0.130929 0.122757 0.095356 -0.00441596 0.00113245 0.159088 0.0123318 0.014405 0.157557 0.0444856 0.131589 -0.0609179  => 0.936151
Stopping... : [Wall 51.6351 CPU 51.559] seconds.
